Archive member included because of file (symbol)

/opt/esp-open-sdk/sdk/lib/libmain.a(debug-vector.o)
                              (_DebugExceptionVector)
/opt/esp-open-sdk/sdk/lib/libmain.a(double-vector.o)
                              (_DoubleExceptionVector)
/opt/esp-open-sdk/sdk/lib/libmain.a(kernel-vector.o)
                              (_KernelExceptionVector)
/opt/esp-open-sdk/sdk/lib/libmain.a(nmi-vector.o)
                              (_NMIExceptionVector)
/opt/esp-open-sdk/sdk/lib/libmain.a(user-vector.o)
                              (_UserExceptionVector)
/opt/esp-open-sdk/sdk/lib/libmain.a(vector.o)
                              (call_user_start)
/opt/esp-open-sdk/sdk/lib/libmain.a(app_main.o)
                              /opt/esp-open-sdk/sdk/lib/libmain.a(nmi-vector.o) (NMI_Handler)
/opt/esp-open-sdk/sdk/lib/libmain.a(ets_timer.o)
                              /opt/esp-open-sdk/sdk/lib/libmain.a(app_main.o) (ets_timer_setfn)
/opt/esp-open-sdk/sdk/lib/libmain.a(mem_manager.o)
                              /opt/esp-open-sdk/sdk/lib/libmain.a(app_main.o) (pvPortMalloc)
/opt/esp-open-sdk/sdk/lib/libmain.a(spi_flash.o)
                              /opt/esp-open-sdk/sdk/lib/libmain.a(app_main.o) (spi_flash_read)
/opt/esp-open-sdk/sdk/lib/libmain.a(user_interface.o)
                              /opt/esp-open-sdk/sdk/lib/libmain.a(app_main.o) (done_cb)
/opt/esp-open-sdk/sdk/lib/libmain.a(empty_user_rf_pre_init.o)
                              /opt/esp-open-sdk/sdk/lib/libmain.a(app_main.o) (user_rf_pre_init)
/opt/esp-open-sdk/sdk/lib/libmain.a(eagle_lib.o)
                              /opt/esp-open-sdk/sdk/lib/libmain.a(user_interface.o) (ets_sprintf)
/opt/esp-open-sdk/sdk/lib/libmain.a(eagle_lwip_if.o)
                              /opt/esp-open-sdk/sdk/lib/libmain.a(user_interface.o) (hostname)
/opt/sming/Sming/compiler/lib//libsming.a(user_main.o)
                              /opt/esp-open-sdk/sdk/lib/libmain.a(app_main.o) (user_init)
/opt/sming/Sming/compiler/lib//libsming.a(System.o)
                              /opt/sming/Sming/compiler/lib//libsming.a(user_main.o) (_ZN11SystemClass10initializeEv)
/opt/sming/Sming/compiler/lib//libsming.a(esp_cplusplus.o)
                              /opt/sming/Sming/compiler/lib//libsming.a(user_main.o) (cpp_core_initialize)
/opt/sming/Sming/compiler/lib//libsming.a(m_printf.o)
                              /opt/sming/Sming/compiler/lib//libsming.a(esp_cplusplus.o) (m_printf)
/opt/sming/Sming/compiler/lib//libsming.a(stringconversion.o)
                              /opt/sming/Sming/compiler/lib//libsming.a(m_printf.o) (ltoa_w)
/opt/sming/Sming/compiler/lib//libsming.a(IPAddress.o)
                              /opt/sming/Sming/compiler/lib//libsming.a(user_main.o) (_ZN9IPAddressC1Ehhhh)
/opt/sming/Sming/compiler/lib//libsming.a(Print.o)
                              /opt/sming/Sming/compiler/lib//libsming.a(IPAddress.o) (_ZN5Print5printEc)
/opt/sming/Sming/compiler/lib//libsming.a(WString.o)
                              /opt/sming/Sming/compiler/lib//libsming.a(IPAddress.o) (_ZN6StringD1Ev)
/opt/sming/Sming/compiler/lib//libsming.a(Interrupts.o)
                              /opt/sming/Sming/compiler/lib//libsming.a(System.o) (_Z12noInterruptsv)
/opt/sming/Sming/compiler/lib//libsming.a(Digital.o)
                              /opt/sming/Sming/compiler/lib//libsming.a(Interrupts.o) (_Z7pinModeth)
out/build/app_app.a(application.o)
                              /opt/sming/Sming/compiler/lib//libsming.a(user_main.o) (_Z4initv)
/opt/sming/Sming/compiler/lib//libmicroc.a(isspace.o)
                              /opt/sming/Sming/compiler/lib//libsming.a(WString.o) (isspace)
/opt/sming/Sming/compiler/lib//libmicroc.a(tolower.o)
                              /opt/sming/Sming/compiler/lib//libsming.a(WString.o) (tolower)
/opt/sming/Sming/compiler/lib//libmicroc.a(toupper.o)
                              /opt/sming/Sming/compiler/lib//libsming.a(WString.o) (toupper)
/opt/sming/Sming/compiler/lib//libmicroc.a(atof.o)
                              /opt/sming/Sming/compiler/lib//libsming.a(WString.o) (atof)
/opt/sming/Sming/compiler/lib//libmicroc.a(atoi.o)
                              /opt/sming/Sming/compiler/lib//libsming.a(WString.o) (atoi)
/opt/sming/Sming/compiler/lib//libmicroc.a(strtod.o)
                              /opt/sming/Sming/compiler/lib//libmicroc.a(atof.o) (strtod)
/opt/sming/Sming/compiler/lib//libmicroc.a(__fpclassify.o)
                              /opt/sming/Sming/compiler/lib//libsming.a(stringconversion.o) (__fpclassifyd)
/opt/sming/Sming/compiler/lib//libmicroc.a(__fpclassifyf.o)
                              out/build/app_app.a(application.o) (__fpclassifyf)
/opt/sming/Sming/compiler/lib//libmicroc.a(strchr.o)
                              /opt/sming/Sming/compiler/lib//libsming.a(WString.o) (strchr)
/opt/sming/Sming/compiler/lib//libmicroc.a(strrchr.o)
[...]
Memory Configuration

Name             Origin             Length             Attributes
dport0_0_seg     0x000000003ff00000 0x0000000000000010
dram0_0_seg      0x000000003ffe8000 0x0000000000014000
iram1_0_seg      0x0000000040100000 0x0000000000008000
irom0_0_seg      0x0000000040209000 0x0000000000042000
*default*        0x0000000000000000 0xffffffffffffffff

Linker script and memory map

START GROUP
LOAD /opt/sming/Sming/compiler/lib//libmicroc.a
LOAD /opt/sming/Sming/compiler/lib//libmicrogcc.a
LOAD /opt/esp-open-sdk/xtensa-lx106-elf/bin/../xtensa-lx106-elf/sysroot/usr/lib/libhal.a
LOAD /opt/esp-open-sdk/sdk/lib/libphy.a
LOAD /opt/esp-open-sdk/sdk/lib/libpp.a
LOAD /opt/esp-open-sdk/sdk/lib/libnet80211.a
LOAD /opt/esp-open-sdk/sdk/lib/liblwip.a
LOAD /opt/esp-open-sdk/sdk/lib/libwpa.a
LOAD /opt/esp-open-sdk/sdk/lib/libmain.a
LOAD /opt/sming/Sming/compiler/lib//libsming.a
LOAD out/build/app_app.a
END GROUP
                0x0000000040000000                PROVIDE (_memmap_vecbase_reset, 0x40000000)
                0x0000000000000110                _memmap_cacheattr_wb_base = 0x110
                0x0000000000000110                _memmap_cacheattr_wt_base = 0x110
                0x0000000000000220                _memmap_cacheattr_bp_base = 0x220
                0x00000000fffff00f                _memmap_cacheattr_unused_mask = 0xfffff00f
                0x000000002222211f                _memmap_cacheattr_wb_trapnull = 0x2222211f
                0x000000002222211f                _memmap_cacheattr_wba_trapnull = 0x2222211f
                0x000000002222211f                _memmap_cacheattr_wbna_trapnull = 0x2222211f
                0x000000002222211f                _memmap_cacheattr_wt_trapnull = 0x2222211f
                0x000000002222222f                _memmap_cacheattr_bp_trapnull = 0x2222222f
                0x00000000fffff11f                _memmap_cacheattr_wb_strict = 0xfffff11f
                0x00000000fffff11f                _memmap_cacheattr_wt_strict = 0xfffff11f
                0x00000000fffff22f                _memmap_cacheattr_bp_strict = 0xfffff22f
                0x0000000022222112                _memmap_cacheattr_wb_allvalid = 0x22222112
                0x0000000022222112                _memmap_cacheattr_wt_allvalid = 0x22222112
                0x0000000022222222                _memmap_cacheattr_bp_allvalid = 0x22222222
                0x000000002222211f                PROVIDE (_memmap_cacheattr_reset, _memmap_cacheattr_wb_trapnull)

.dport0.rodata  0x000000003ff00000        0x0
                0x000000003ff00000                _dport0_rodata_start = ABSOLUTE (.)
 *(.dport0.rodata)
 *(.dport.rodata)
                0x000000003ff00000                _dport0_rodata_end = ABSOLUTE (.)

.dport0.literal
                0x000000003ff00000        0x0
                0x000000003ff00000                _dport0_literal_start = ABSOLUTE (.)
 *(.dport0.literal)
 *(.dport.literal)
                0x000000003ff00000                _dport0_literal_end = ABSOLUTE (.)

.dport0.data    0x000000003ff00000        0x0
                0x000000003ff00000                _dport0_data_start = ABSOLUTE (.)
 *(.dport0.data)
 *(.dport.data)
                0x000000003ff00000                _dport0_data_end = ABSOLUTE (.)

.data           0x000000003ffe8000      0x540
                0x000000003ffe8000                _data_start = ABSOLUTE (.)
 *(.data)
 .data          0x000000003ffe8000        0x4 /opt/esp-open-sdk/sdk/lib/libmain.a(nmi-vector.o)
                0x000000003ffe8000                _Pri_3_HandlerAddress
 .data          0x000000003ffe8004        0x1 /opt/esp-open-sdk/sdk/lib/libmain.a(app_main.o)
 *fill*         0x000000003ffe8005        0x3 
 .data          0x000000003ffe8008        0x5 /opt/esp-open-sdk/sdk/lib/libmain.a(user_interface.o)
                0x000000003ffe8009                timer2_ms_flag
                0x000000003ffe800a                dhcps_flag
                0x000000003ffe800b                dhcpc_flag
                0x000000003ffe800c                reconnect_internal
 *fill*         0x000000003ffe800d        0x3 
 .data          0x000000003ffe8010        0x1 /opt/esp-open-sdk/sdk/lib/libmain.a(eagle_lwip_if.o)
                0x000000003ffe8010                default_hostname
 *fill*         0x000000003ffe8011        0xf 
 .data          0x000000003ffe8020       0x53 /opt/esp-open-sdk/sdk/lib/libphy.a(phy_chip_v6.o)
                0x000000003ffe8022                tx_rf_ana_gain
                0x000000003ffe8044                tx_pwctrl_atten_init_en
                0x000000003ffe8050                rx_gain_swp
                0x000000003ffe8070                test_rffreq_txcap
 *fill*         0x000000003ffe8073        0x1 
 .data          0x000000003ffe8074        0x4 /opt/esp-open-sdk/sdk/lib/libphy.a(phy_sleep.o)
                0x000000003ffe8074                chip_version
 .data          0x000000003ffe8078        0x1 /opt/esp-open-sdk/sdk/lib/libpp.a(pm.o)
 *fill*         0x000000003ffe8079        0x3 
 .data          0x000000003ffe807c        0x1 /opt/esp-open-sdk/sdk/lib/libpp.a(pm_for_bcn_only_mode.o)
 *fill*         0x000000003ffe807d        0x3 
 .data          0x000000003ffe8080       0x1c /opt/esp-open-sdk/sdk/lib/libpp.a(pp.o)
                0x000000003ffe8080                soft_wdt_interval
                0x000000003ffe8084                NoiseTimerInterval
                0x000000003ffe808c                sleep_start_wait_time
                0x000000003ffe8098                tcb
 *fill*         0x000000003ffe809c        0x4 
 .data          0x000000003ffe80a0       0x40 /opt/esp-open-sdk/sdk/lib/libpp.a(rate_control.o)
 .data          0x000000003ffe80e0      0x22c /opt/esp-open-sdk/sdk/lib/libpp.a(trc.o)
 .data          0x000000003ffe830c        0x8 /opt/esp-open-sdk/sdk/lib/libpp.a(wdev.o)
 .data          0x000000003ffe8314        0x1 /opt/esp-open-sdk/sdk/lib/libnet80211.a(ieee80211_hostap.o)
                0x000000003ffe8314                TmpSTAAPCloseAP
 *fill*         0x000000003ffe8315        0x3 
 .data          0x000000003ffe8318      0x1a8 /opt/esp-open-sdk/sdk/lib/libnet80211.a(ieee80211_phy.o)
 .data          0x000000003ffe84c0        0x6 /opt/esp-open-sdk/sdk/lib/libnet80211.a(ieee80211_proto.o)
                0x000000003ffe84c0                ieee80211_addr_bcast
 *fill*         0x000000003ffe84c6        0x2 
 .data          0x000000003ffe84c8       0x1c /opt/esp-open-sdk/sdk/lib/libnet80211.a(ieee80211_action.o)
 .data          0x000000003ffe84e4       0x18 /opt/esp-open-sdk/sdk/lib/libnet80211.a(ieee80211_crypto_ccmp.o)
                0x000000003ffe84e4                ccmp
 .data          0x000000003ffe84fc        0x4 /opt/esp-open-sdk/sdk/lib/liblwip.a(dhcp.o)
 .data          0x000000003ffe8500        0x2 /opt/esp-open-sdk/sdk/lib/liblwip.a(dhcpserver.o)
 *fill*         0x000000003ffe8502        0x2 
 .data          0x000000003ffe8504        0x8 /opt/esp-open-sdk/sdk/lib/liblwip.a(tcp.o)
 .data          0x000000003ffe850c       0x18 /opt/esp-open-sdk/sdk/lib/libnet80211.a(ieee80211_crypto_tkip.o)
                0x000000003ffe850c                tkip
 .data          0x000000003ffe8524       0x18 /opt/esp-open-sdk/sdk/lib/libnet80211.a(ieee80211_crypto_wep.o)
                0x000000003ffe8524                wep
 *(.data.*)
 .data.cbc_printchar
                0x000000003ffe853c        0x4 /opt/sming/Sming/compiler/lib//libsming.a(m_printf.o)
                0x000000003ffe853c                cbc_printchar
 *(.gnu.linkonce.d.*)
 *(.data1)
 *(.sdata)
 *(.sdata.*)
 *(.gnu.linkonce.s.*)
 *(.sdata2)
 *(.sdata2.*)
 *(.gnu.linkonce.s2.*)
 *(.jcr)
                0x000000003ffe8540                _data_end = ABSOLUTE (.)

.rodata         0x000000003ffe8540      0xb60
                0x000000003ffe8540                _rodata_start = ABSOLUTE (.)
 *(.sdk.version)
 .sdk.version   0x000000003ffe8540        0x6 /opt/esp-open-sdk/sdk/lib/libmain.a(app_main.o)
                0x000000003ffe8540                SDK_VERSION
 *(.rodata)
 *fill*         0x000000003ffe8546        0x2 
 .rodata        0x000000003ffe8548        0x8 /opt/esp-open-sdk/sdk/lib/libphy.a(phy_chip_v6.o)
 .rodata        0x000000003ffe8550        0x8 /opt/esp-open-sdk/sdk/lib/libpp.a(pp.o)
 .rodata        0x000000003ffe8558        0x4 /opt/esp-open-sdk/sdk/lib/libnet80211.a(ieee80211_output.o)
 *fill*         0x000000003ffe855c        0x4 
 .rodata        0x000000003ffe8560       0x70 /opt/esp-open-sdk/sdk/lib/libnet80211.a(ieee80211_proto.o)
 .rodata        0x000000003ffe85d0        0x8 /opt/esp-open-sdk/sdk/lib/libnet80211.a(wl_cnx.o)
 .rodata        0x000000003ffe85d8        0x8 /opt/esp-open-sdk/sdk/lib/liblwip.a(dhcpserver.o)
 .rodata        0x000000003ffe85e0        0x6 /opt/esp-open-sdk/sdk/lib/liblwip.a(etharp.o)
                0x000000003ffe85e0                ethbroadcast
 *fill*         0x000000003ffe85e6        0x2 
 .rodata        0x000000003ffe85e8        0x4 /opt/esp-open-sdk/sdk/lib/liblwip.a(ip_addr.o)
                0x000000003ffe85e8                ip_addr_broadcast
 *fill*         0x000000003ffe85ec        0x4 
 .rodata        0x000000003ffe85f0       0x14 /opt/esp-open-sdk/sdk/lib/liblwip.a(memp.o)
                0x000000003ffe85f0                memp_sizes
 *fill*         0x000000003ffe8604        0xc 
 .rodata        0x000000003ffe8610       0x2d /opt/esp-open-sdk/sdk/lib/liblwip.a(tcp.o)
                0x000000003ffe8610                tcp_pcb_lists
                0x000000003ffe8620                tcp_persist_backoff
                0x000000003ffe8630                tcp_backoff
 *fill*         0x000000003ffe863d        0x3 
 .rodata        0x000000003ffe8640        0xc /opt/esp-open-sdk/sdk/lib/libwpa.a(wpa_common.o)
 .rodata        0x000000003ffe864c      0x100 /opt/sming/Sming/compiler/lib//libmicrogcc.a(_popcount_tab.o)
                0x000000003ffe864c                __popcount_tab
 *(.rodata.*)
 .rodata.str1.4
                0x000000003ffe874c       0x6b /opt/esp-open-sdk/sdk/lib/libmain.a(app_main.o)
 *fill*         0x000000003ffe87b7        0x1 
 .rodata.str1.4
                0x000000003ffe87b8       0x14 /opt/esp-open-sdk/sdk/lib/libmain.a(ets_timer.o)
 .rodata.str1.4
                0x000000003ffe87cc       0x28 /opt/esp-open-sdk/sdk/lib/libmain.a(mem_manager.o)
 .rodata.str1.4
                0x000000003ffe87f4       0x1b /opt/esp-open-sdk/sdk/lib/libmain.a(user_interface.o)
 *fill*         0x000000003ffe880f        0x1 
 .rodata._ZL14EspDigitalPins
                0x000000003ffe8810       0xc0 /opt/sming/Sming/compiler/lib//libsming.a(user_main.o)
 .rodata._ZTV6VectorI8DelegateIFvvEEE
                0x000000003ffe88d0       0x1c /opt/sming/Sming/compiler/lib//libsming.a(System.o)
                0x000000003ffe88d0                _ZTV6VectorI8DelegateIFvvEEE
 *fill*         0x000000003ffe88ec        0x4 
 .rodata._ZTV6VectorIP19ISystemReadyHandlerE
                0x000000003ffe88f0       0x1c /opt/sming/Sming/compiler/lib//libsming.a(System.o)
                0x000000003ffe88f0                _ZTV6VectorIP19ISystemReadyHandlerE
 .rodata.str1.1
                0x000000003ffe890c       0x41 /opt/sming/Sming/compiler/lib//libsming.a(esp_cplusplus.o)
 .rodata.str1.1
                0x000000003ffe894d       0x21 /opt/sming/Sming/compiler/lib//libsming.a(stringconversion.o)
 *fill*         0x000000003ffe896e        0x2 
 .rodata._ZTV9IPAddress
                0x000000003ffe8970        0xc /opt/sming/Sming/compiler/lib//libsming.a(IPAddress.o)
                0x000000003ffe8970                _ZTV9IPAddress
 .rodata.str1.1
                0x000000003ffe897c        0xa /opt/sming/Sming/compiler/lib//libsming.a(Print.o)
                                          0xe (size before relaxing)
 .rodata.str1.1
                0x0000000000000000        0xa /opt/sming/Sming/compiler/lib//libsming.a(WString.o)
                                          0x1 (size before relaxing)
 .rodata.str1.1
                0x000000003ffe8986       0x23 /opt/sming/Sming/compiler/lib//libsming.a(Digital.o)
 *fill*         0x000000003ffe89a9        0x3 
 .rodata._ZL14EspDigitalPins
                0x000000003ffe89ac       0xc0 /opt/sming/Sming/compiler/lib//libsming.a(Digital.o)
 .rodata.str1.1
                0x000000003ffe8a6c       0x96 out/build/app_app.a(application.o)
 .rodata.str1.1
                0x000000003ffe8b02        0xc /opt/sming/Sming/compiler/lib//libmicroc.a(abort.o)
 *fill*         0x000000003ffe8b0e        0x2 
 .rodata.str1.4
                0x000000003ffe8b10        0x7 /opt/esp-open-sdk/sdk/lib/libpp.a(lmac.o)
                                          0xf (size before relaxing)
 *fill*         0x000000003ffe8b17        0x1 
 .rodata.str1.4
                0x000000003ffe8b18       0x17 /opt/esp-open-sdk/sdk/lib/libpp.a(pm.o)
                                         0x1f (size before relaxing)
 *fill*         0x000000003ffe8b2f        0x1 
 .rodata.str1.4
                0x000000003ffe8b30       0x17 /opt/esp-open-sdk/sdk/lib/libpp.a(pm_for_bcn_only_mode.o)
                                         0x27 (size before relaxing)
 *fill*         0x000000003ffe8b47        0x1 
 .rodata.str1.4
                0x000000003ffe8b48        0x5 /opt/esp-open-sdk/sdk/lib/libpp.a(pp.o)
                                          0xd (size before relaxing)
 *fill*         0x000000003ffe8b4d        0x3 
 .rodata.str1.4
                0x000000003ffe8b50        0x7 /opt/esp-open-sdk/sdk/lib/libpp.a(wdev.o)
                                          0xf (size before relaxing)
 .rodata.str1.4
                0x0000000000000000        0x7 /opt/esp-open-sdk/sdk/lib/libnet80211.a(ieee80211.o)
 .rodata.str1.4
                0x0000000000000000        0x7 /opt/esp-open-sdk/sdk/lib/libnet80211.a(ieee80211_output.o)
 *fill*         0x000000003ffe8b57        0x1 
 .rodata.str1.4
                0x000000003ffe8b58        0x4 /opt/esp-open-sdk/sdk/lib/libnet80211.a(ieee80211_scan.o)
 .rodata.str1.4
                0x000000003ffe8b5c        0x4 /opt/esp-open-sdk/sdk/lib/libnet80211.a(ieee80211_action_vendor.o)
 .rodata.str1.4
                0x0000000000000000        0x4 /opt/esp-open-sdk/sdk/lib/libnet80211.a(ieee80211_ie_vendor.o)
 .rodata.str1.4
                0x000000003ffe8b60        0xf /opt/esp-open-sdk/sdk/lib/liblwip.a(dns.o)
 .rodata.str1.4
                0x0000000000000000        0xf /opt/esp-open-sdk/sdk/lib/liblwip.a(espconn_tcp.o)
                                          0x1 (size before relaxing)
 *fill*         0x000000003ffe8b6f        0x1 
 .rodata.str1.4
                0x000000003ffe8b70       0x88 /opt/esp-open-sdk/sdk/lib/liblwip.a(mdns.o)
 .rodata.str1.4
                0x000000003ffe8bf8       0x3c /opt/esp-open-sdk/sdk/lib/libwpa.a(wpa_auth.o)
                                         0x43 (size before relaxing)
 .rodata.str1.4
                0x0000000000000000       0x17 /opt/esp-open-sdk/sdk/lib/libwpa.a(wpa.o)
 .rodata.str1.4
                0x000000003ffe8c34        0x9 /opt/esp-open-sdk/sdk/lib/libwpa.a(wpa_common.o)
 *fill*         0x000000003ffe8c3d        0x3 
 .rodata.str1.4
                0x000000003ffe8c40        0x8 /opt/esp-open-sdk/sdk/lib/libwpa.a(wpa_debug.o)
                                          0xd (size before relaxing)
 .rodata.str1.1
                0x0000000000000000        0xc /opt/sming/Sming/compiler/lib//libsming.a(HardwareSerial.o)
                                          0x3 (size before relaxing)
 .rodata._ZTV14HardwareSerial
                0x000000003ffe8c48       0x20 /opt/sming/Sming/compiler/lib//libsming.a(HardwareSerial.o)
                0x000000003ffe8c48                _ZTV14HardwareSerial
 .rodata._ZTV19ISystemReadyHandler
                0x000000003ffe8c68       0x14 /opt/sming/Sming/compiler/lib//libsming.a(WDT.o)
                0x000000003ffe8c68                _ZTV19ISystemReadyHandler
 *fill*         0x000000003ffe8c7c        0x4 
 .rodata._ZTV8WDTClass
                0x000000003ffe8c80       0x14 /opt/sming/Sming/compiler/lib//libsming.a(WDT.o)
                0x000000003ffe8c80                _ZTV8WDTClass
 .rodata.str1.1
                0x000000003ffe8c94       0xd4 /opt/sming/Sming/compiler/lib//libsming.a(CommandExecutor.o)
                                         0xd5 (size before relaxing)
 .rodata.str1.1
                0x000000003ffe8d68      0x24e /opt/sming/Sming/compiler/lib//libsming.a(CommandHandler.o)
                                        0x256 (size before relaxing)
 .rodata.str1.1
                0x000000003ffe8fb6       0x80 /opt/sming/Sming/compiler/lib//libsming.a(DHT.o)
 .rodata.str1.1
                0x0000000000000000        0x1 /opt/sming/Sming/compiler/lib//libsming.a(CommandDelegate.o)
 *(.gnu.linkonce.r.*)
 *(.rodata1)
                0x000000003ffe9036                __XT_EXCEPTION_TABLE__ = ABSOLUTE (.)
 *(.xt_except_table)
 *(.gcc_except_table)
 *(.gnu.linkonce.e.*)
 *(.gnu.version_r)
 *(.eh_frame)
                0x000000003ffe9038                . = ((. + 0x3) & 0xfffffffffffffffc)
 *fill*         0x000000003ffe9036        0x2 
                0x000000003ffe9038                __dso_handle = ABSOLUTE (.)
                0x000000003ffe9038                __init_array_start = ABSOLUTE (.)
 *crtbegin.o(.ctors)
 *(EXCLUDE_FILE(*crtend.o) .ctors)
 .ctors         0x000000003ffe9038        0x4 /opt/sming/Sming/compiler/lib//libsming.a(user_main.o)
 .ctors         0x000000003ffe903c        0x4 /opt/sming/Sming/compiler/lib//libsming.a(System.o)
 .ctors         0x000000003ffe9040        0x4 /opt/sming/Sming/compiler/lib//libsming.a(m_printf.o)
 .ctors         0x000000003ffe9044        0x4 /opt/sming/Sming/compiler/lib//libsming.a(IPAddress.o)
 .ctors         0x000000003ffe9048        0x4 /opt/sming/Sming/compiler/lib//libsming.a(Print.o)
 .ctors         0x000000003ffe904c        0x4 /opt/sming/Sming/compiler/lib//libsming.a(WString.o)
 .ctors         0x000000003ffe9050        0x4 /opt/sming/Sming/compiler/lib//libsming.a(Interrupts.o)
 .ctors         0x000000003ffe9054        0x4 /opt/sming/Sming/compiler/lib//libsming.a(Digital.o)
 .ctors         0x000000003ffe9058        0x4 out/build/app_app.a(application.o)
 .ctors         0x000000003ffe905c        0x4 /opt/sming/Sming/compiler/lib//libsming.a(Clock.o)
 .ctors         0x000000003ffe9060        0x4 /opt/sming/Sming/compiler/lib//libsming.a(HardwareSerial.o)
 .ctors         0x000000003ffe9064        0x4 /opt/sming/Sming/compiler/lib//libsming.a(WDT.o)
 .ctors         0x000000003ffe9068        0x4 /opt/sming/Sming/compiler/lib//libsming.a(CommandExecutor.o)
 .ctors         0x000000003ffe906c        0x4 /opt/sming/Sming/compiler/lib//libsming.a(CommandHandler.o)
 .ctors         0x000000003ffe9070        0x4 /opt/sming/Sming/compiler/lib//libsming.a(CommandOutput.o)
 .ctors         0x000000003ffe9074        0x4 /opt/sming/Sming/compiler/lib//libsming.a(DHT.o)
 .ctors         0x000000003ffe9078        0x4 /opt/sming/Sming/compiler/lib//libsming.a(SystemClock.o)
 .ctors         0x000000003ffe907c        0x4 /opt/sming/Sming/compiler/lib//libsming.a(RTC.o)
 .ctors         0x000000003ffe9080        0x4 /opt/sming/Sming/compiler/lib//libsming.a(CommandDelegate.o)
 .ctors         0x000000003ffe9084        0x4 /opt/sming/Sming/compiler/lib//libsming.a(DateTime.o)
 *(SORT(.ctors.*))
 *(.ctors)
                0x000000003ffe9088                __init_array_end = ABSOLUTE (.)
 *crtbegin.o(.dtors)
 *(EXCLUDE_FILE(*crtend.o) .dtors)
 .dtors         0x000000003ffe9088        0x4 /opt/sming/Sming/compiler/lib//libsming.a(System.o)
 .dtors         0x000000003ffe908c        0x4 /opt/sming/Sming/compiler/lib//libsming.a(Interrupts.o)
 .dtors         0x000000003ffe9090        0x4 /opt/sming/Sming/compiler/lib//libsming.a(HardwareSerial.o)
 .dtors         0x000000003ffe9094        0x4 /opt/sming/Sming/compiler/lib//libsming.a(WDT.o)
 *(SORT(.dtors.*))
 *(.dtors)
                0x000000003ffe9098                __XT_EXCEPTION_DESCS__ = ABSOLUTE (.)
 *(.xt_except_desc)
 *(.gnu.linkonce.h.*)
                0x000000003ffe9098                __XT_EXCEPTION_DESCS_END__ = ABSOLUTE (.)
 *(.xt_except_desc_end)
 *(.dynamic)
 *(.gnu.version_d)
                0x000000003ffe9098                . = ALIGN (0x4)
                0x000000003ffe9098                _bss_table_start = ABSOLUTE (.)
                0x000000003ffe9098        0x4 LONG 0x3ffe90a0 _bss_start
                0x000000003ffe909c        0x4 LONG 0x3fff2528 _bss_end
                0x000000003ffe90a0                _bss_table_end = ABSOLUTE (.)
                0x000000003ffe90a0                _rodata_end = ABSOLUTE (.)

.bss            0x000000003ffe90a0     0x9488
                0x000000003ffe90a0                . = ALIGN (0x8)
                0x000000003ffe90a0                _bss_start = ABSOLUTE (.)
 *(.dynsbss)
 *(.sbss)
 *(.sbss.*)
 *(.gnu.linkonce.sb.*)
 *(.scommon)
 *(.sbss2)
 *(.sbss2.*)
 *(.gnu.linkonce.sb2.*)
 *(.dynbss)
 *(.bss)
 .bss           0x000000003ffe90a0      0x1c0 /opt/esp-open-sdk/sdk/lib/libmain.a(nmi-vector.o)
 .bss           0x000000003ffe9260       0x41 /opt/esp-open-sdk/sdk/lib/libmain.a(app_main.o)
                0x000000003ffe9264                info
                0x000000003ffe9288                lwip_timer_interval
                0x000000003ffe928c                check_timeouts_timer
                0x000000003ffe92a0                user_init_flag
 *fill*         0x000000003ffe92a1        0xf 
 .bss           0x000000003ffe92b0       0x30 /opt/esp-open-sdk/sdk/lib/libmain.a(ets_timer.o)
                0x000000003ffe92b0                timer_list
                0x000000003ffe92b4                debug_timer
                0x000000003ffe92b8                debug_timerfn
 .bss           0x000000003ffe92e0       0x18 /opt/esp-open-sdk/sdk/lib/libmain.a(mem_manager.o)
 .bss           0x000000003ffe92f8        0x4 /opt/esp-open-sdk/sdk/lib/libmain.a(spi_flash.o)
                0x000000003ffe92f8                flash_read
 *fill*         0x000000003ffe92fc        0x4 
 .bss           0x000000003ffe9300      0x151 /opt/esp-open-sdk/sdk/lib/libmain.a(user_interface.o)
                0x000000003ffe93f7                deep_sleep_flag
                0x000000003ffe93f8                cpu_overclock
                0x000000003ffe93fc                event_cb
                0x000000003ffe9400                status_led_output_level
                0x000000003ffe9404                done_cb
                0x000000003ffe9408                rst_if
                0x000000003ffe9424                default_interface
                0x000000003ffe9425                OpmodChgIsOnGoing
                0x000000003ffe9428                bcn_ie
                0x000000003ffe9430                promiscuous_cb
 *fill*         0x000000003ffe9451        0x3 
 .bss           0x000000003ffe9454        0xc /opt/esp-open-sdk/sdk/lib/libmain.a(eagle_lwip_if.o)
                0x000000003ffe9454                hostname
 .bss           0x000000003ffe9460        0x4 /opt/esp-open-sdk/sdk/lib/libphy.a(phy.o)
 *fill*         0x000000003ffe9464        0xc 
 .bss           0x000000003ffe9470      0x3ab /opt/esp-open-sdk/sdk/lib/libphy.a(phy_chip_v6.o)
                0x000000003ffe9470                g_phyFuns
                0x000000003ffe9474                rxiq_compute_num
                0x000000003ffe9478                rxdc_init_flag
                0x000000003ffe947c                check_result
                0x000000003ffe9480                chip6_sleep_params
                0x000000003ffe9664                chip6_phy_init_ctrl
                0x000000003ffe96d8                phy_freq_offset
                0x000000003ffe96da                do_pwctrl_flag
                0x000000003ffe96db                pwctrl_debug
                0x000000003ffe96dc                txbk_dpdby_flag
                0x000000003ffe96de                sw_scan_mode
                0x000000003ffe96f0                periodic_cal_dc_num
                0x000000003ffe96f4                periodic_cal_flag
                0x000000003ffe96f5                bbpll_cal_flag
                0x000000003ffe96f6                phy_in_most_power
                0x000000003ffe96f7                deep_sleep_en
                0x000000003ffe96f8                rtc_mem_check_fail
                0x000000003ffe96f9                rtc_recovery_en
                0x000000003ffe96fa                phy_in_vdd33_offset
                0x000000003ffe96fb                phy_set_most_tpw_disbg
                0x000000003ffe96fc                phy_set_most_tpw_index
                0x000000003ffe9700                adc_rand_noise
                0x000000003ffe9704                dpd_bypass_original
                0x000000003ffe9708                noise_array
                0x000000003ffe9810                tx_pwctrl_atten_init
 *fill*         0x000000003ffe981b        0x1 
 .bss           0x000000003ffe981c        0x6 /opt/esp-open-sdk/sdk/lib/libphy.a(phy_chip_v6_cal.o)
                0x000000003ffe981c                loop_pwctrl_pwdet_error_accum_high_power
                0x000000003ffe981e                tx_pwctrl_pk_num
                0x000000003ffe981f                loop_pwctrl_correct_atten_high_power
                0x000000003ffe9820                tx_pwctrl_set_chan_flag
                0x000000003ffe9821                rxiq_cover_fail_num
 *fill*         0x000000003ffe9822        0x2 
 .bss           0x000000003ffe9824        0x7 /opt/esp-open-sdk/sdk/lib/libphy.a(phy_sleep.o)
                0x000000003ffe9824                periodic_cal_sat
                0x000000003ffe9826                lslp_mem_opt_8266
                0x000000003ffe9828                software_slp_reject
                0x000000003ffe9829                SDIO_slp_reject
                0x000000003ffe982a                hardware_reject
 *fill*         0x000000003ffe982b        0x5 
 .bss           0x000000003ffe9830       0x30 /opt/esp-open-sdk/sdk/lib/libpp.a(if_hwctrl.o)
                0x000000003ffe9830                interface_mask
                0x000000003ffe9840                if_ctrl
 .bss           0x000000003ffe9860      0x150 /opt/esp-open-sdk/sdk/lib/libpp.a(lmac.o)
                0x000000003ffe9864                lmacConfMib
 .bss           0x000000003ffe99b0      0x11a /opt/esp-open-sdk/sdk/lib/libpp.a(pm.o)
                0x000000003ffe99b0                pmc
 *fill*         0x000000003ffe9aca        0x2 
 .bss           0x000000003ffe9acc       0x30 /opt/esp-open-sdk/sdk/lib/libpp.a(pm_for_bcn_only_mode.o)
 *fill*         0x000000003ffe9afc        0x4 
 .bss           0x000000003ffe9b00      0x2e2 /opt/esp-open-sdk/sdk/lib/libpp.a(pp.o)
                0x000000003ffe9b18                pend_flag_noise_check
                0x000000003ffe9b20                pend_flag_periodic_cal
                0x000000003ffe9b38                idle_timer_reopen_flag
                0x000000003ffe9b39                dbg_stop_sw_wdt
                0x000000003ffe9b3a                dbg_stop_hw_wdt
                0x000000003ffe9b50                HighestFreqOffsetInOneChk
 *fill*         0x000000003ffe9de2        0xe 
 .bss           0x000000003ffe9df0      0x100 /opt/esp-open-sdk/sdk/lib/libpp.a(rate_control.o)
 .bss           0x000000003ffe9ef0      0x448 /opt/esp-open-sdk/sdk/lib/libpp.a(trc.o)
 *fill*         0x000000003ffea338        0x8 
 .bss           0x000000003ffea340     0x4e88 /opt/esp-open-sdk/sdk/lib/libpp.a(wdev.o)
                0x000000003ffea340                wDevCtrl
                0x000000003ffea4e8                WdevTimOffSet
 *fill*         0x000000003ffef1c8        0x8 
 .bss           0x000000003ffef1d0     0x1294 /opt/esp-open-sdk/sdk/lib/libpp.a(esf_buf.o)
 .bss           0x000000003fff0464      0x584 /opt/esp-open-sdk/sdk/lib/libnet80211.a(ieee80211.o)
                0x000000003fff0464                g_ic
 .bss           0x000000003fff09e8       0x40 /opt/esp-open-sdk/sdk/lib/libnet80211.a(ieee80211_hostap.o)
                0x000000003fff09e8                BcnEb_update
                0x000000003fff0a0c                PendFreeBcnEb
                0x000000003fff0a10                ApFreqCalTimer
 .bss           0x000000003fff0a28       0xd0 /opt/esp-open-sdk/sdk/lib/libnet80211.a(ieee80211_scan.o)
                0x000000003fff0a28                gScanStruct
                0x000000003fff0adc                FreqCalCntForScan
                0x000000003fff0ade                TestStaFreqCalValInput
                0x000000003fff0ae0                auth_type
                0x000000003fff0ae2                scannum
 .bss           0x000000003fff0af8       0x3c /opt/esp-open-sdk/sdk/lib/libnet80211.a(wl_chm.o)
 *fill*         0x000000003fff0b34        0x4 
 .bss           0x000000003fff0b38      0x418 /opt/esp-open-sdk/sdk/lib/libnet80211.a(wl_cnx.o)
                0x000000003fff0f38                sta_con_timer
                0x000000003fff0f4c                g_cnx_probe_rc_list_cb
 .bss           0x000000003fff0f50        0x8 /opt/esp-open-sdk/sdk/lib/libnet80211.a(ieee80211_action_vendor.o)
 *fill*         0x000000003fff0f58        0x8 
 .bss           0x000000003fff0f60       0x38 /opt/esp-open-sdk/sdk/lib/liblwip.a(dhcp.o)
                0x000000003fff0f60                dhcp_rx_options_given
                0x000000003fff0f70                dhcp_rx_options_val
 .bss           0x000000003fff0f98      0x24c /opt/esp-open-sdk/sdk/lib/liblwip.a(dhcpserver.o)
                0x000000003fff0fa8                s
 *fill*         0x000000003fff11e4        0xc 
 .bss           0x000000003fff11f0      0x690 /opt/esp-open-sdk/sdk/lib/liblwip.a(dns.o)
 .bss           0x000000003fff1880       0x78 /opt/esp-open-sdk/sdk/lib/liblwip.a(espconn_tcp.o)
                0x000000003fff1880                espconn_TaskQueue
 *fill*         0x000000003fff18f8        0x8 
 .bss           0x000000003fff1900      0x100 /opt/esp-open-sdk/sdk/lib/liblwip.a(etharp.o)
                0x000000003fff1904                ethzero
 .bss           0x000000003fff1a00       0x20 /opt/esp-open-sdk/sdk/lib/liblwip.a(ip_addr.o)
                0x000000003fff1a00                ip_addr_any
 .bss           0x000000003fff1a20       0x12 /opt/esp-open-sdk/sdk/lib/liblwip.a(ip.o)
                0x000000003fff1a20                current_iphdr_dest
                0x000000003fff1a24                current_iphdr_src
                0x000000003fff1a28                current_netif
                0x000000003fff1a2c                current_header
 *fill*         0x000000003fff1a32        0x2 
 .bss           0x000000003fff1a34        0x9 /opt/esp-open-sdk/sdk/lib/liblwip.a(netif.o)
                0x000000003fff1a34                netif_list
                0x000000003fff1a38                netif_default
 *fill*         0x000000003fff1a3d        0x3 
 .bss           0x000000003fff1a40        0x4 /opt/esp-open-sdk/sdk/lib/liblwip.a(raw.o)
 .bss           0x000000003fff1a44       0x34 /opt/esp-open-sdk/sdk/lib/liblwip.a(tcp_in.o)
                0x000000003fff1a74                tcp_input_pcb
 .bss           0x000000003fff1a78       0x1c /opt/esp-open-sdk/sdk/lib/liblwip.a(tcp.o)
                0x000000003fff1a7c                tcp_active_pcbs
                0x000000003fff1a80                tcp_tmp_pcb
                0x000000003fff1a84                tcp_tw_pcbs
                0x000000003fff1a88                tcp_bound_pcbs
                0x000000003fff1a8c                tcp_listen_pcbs
                0x000000003fff1a90                tcp_ticks
 .bss           0x000000003fff1a94        0xc /opt/esp-open-sdk/sdk/lib/liblwip.a(timers.o)
 .bss           0x000000003fff1aa0        0x4 /opt/esp-open-sdk/sdk/lib/liblwip.a(udp.o)
                0x000000003fff1aa0                udp_pcbs
 *fill*         0x000000003fff1aa4        0xc 
 .bss           0x000000003fff1ab0      0x104 /opt/esp-open-sdk/sdk/lib/liblwip.a(espconn.o)
                0x000000003fff1ab0                plink_active
                0x000000003fff1ab4                pserver_list
                0x000000003fff1ac0                premot
                0x000000003fff1b80                pktinfo
 .bss           0x000000003fff1bb4        0xc /opt/esp-open-sdk/sdk/lib/liblwip.a(igmp.o)
 .bss           0x000000003fff1bc0      0x421 /opt/esp-open-sdk/sdk/lib/liblwip.a(mdns.o)
                0x000000003fff1bc4                PUCK_SERVICE
                0x000000003fff1bcc                PUCK_PORT
                0x000000003fff1bd8                mdns_timer
 *fill*         0x000000003fff1fe1        0xf 
 .bss           0x000000003fff1ff0      0x27a /opt/esp-open-sdk/sdk/lib/libwpa.a(wpa.o)
 *fill*         0x000000003fff226a        0x6 
 .bss           0x000000003fff2270        0x8 /opt/esp-open-sdk/sdk/lib/libnet80211.a(ieee80211_crypto_tkip.o)
 *(.bss.*)
 .bss._ZL5ESP01
                0x000000003fff2278       0x30 /opt/sming/Sming/compiler/lib//libsming.a(user_main.o)
 .bss._ZL11INADDR_NONE
                0x000000003fff22a8        0x8 /opt/sming/Sming/compiler/lib//libsming.a(user_main.o)
 .bss.System    0x000000003fff22b0       0x2c /opt/sming/Sming/compiler/lib//libsming.a(System.o)
                0x000000003fff22b0                System
 .bss._ZL5ESP01
                0x000000003fff22dc       0x30 /opt/sming/Sming/compiler/lib//libsming.a(m_printf.o)
 .bss._ZL11INADDR_NONE
                0x000000003fff230c        0x8 /opt/sming/Sming/compiler/lib//libsming.a(m_printf.o)
 .bss._ZL5ESP01
                0x000000003fff2314       0x30 /opt/sming/Sming/compiler/lib//libsming.a(IPAddress.o)
 .bss._ZL11INADDR_NONE
                0x000000003fff2344        0x8 /opt/sming/Sming/compiler/lib//libsming.a(IPAddress.o)
 .bss._ZL11INADDR_NONE
                0x000000003fff234c        0x8 /opt/sming/Sming/compiler/lib//libsming.a(Print.o)
 .bss._ZZN6StringixEjE19dummy_writable_char
                0x000000003fff2354        0x1 /opt/sming/Sming/compiler/lib//libsming.a(WString.o)
 *fill*         0x000000003fff2355        0x3 
 .bss._ZL11INADDR_NONE
                0x000000003fff2358        0x8 /opt/sming/Sming/compiler/lib//libsming.a(WString.o)
 .bss._delegateFunctionList
                0x000000003fff2360       0x40 /opt/sming/Sming/compiler/lib//libsming.a(Interrupts.o)
                0x000000003fff2360                _delegateFunctionList
 .bss._ZL11INADDR_NONE
                0x000000003fff23a0        0x8 /opt/sming/Sming/compiler/lib//libsming.a(Interrupts.o)
 .bss._ZL11INADDR_NONE
                0x000000003fff23a8        0x8 /opt/sming/Sming/compiler/lib//libsming.a(Digital.o)
 .bss.dht       0x000000003fff23b0       0x40 out/build/app_app.a(application.o)
                0x000000003fff23b0                dht
 .bss._ZL5ESP01
                0x000000003fff23f0       0x30 out/build/app_app.a(application.o)
 .bss._ZL11INADDR_NONE
                0x000000003fff2420        0x8 out/build/app_app.a(application.o)
 .bss._ZL11INADDR_NONE
                0x000000003fff2428        0x8 /opt/sming/Sming/compiler/lib//libsming.a(Clock.o)
 .bss.Serial    0x000000003fff2430       0x14 /opt/sming/Sming/compiler/lib//libsming.a(HardwareSerial.o)
                0x000000003fff2430                Serial
 .bss._ZN14HardwareSerial10memberDataE
                0x000000003fff2444       0x18 /opt/sming/Sming/compiler/lib//libsming.a(HardwareSerial.o)
                0x000000003fff2444                _ZN14HardwareSerial10memberDataE
 .bss._ZL11INADDR_NONE
                0x000000003fff245c        0x8 /opt/sming/Sming/compiler/lib//libsming.a(HardwareSerial.o)
 .bss.WDT       0x000000003fff2464        0x8 /opt/sming/Sming/compiler/lib//libsming.a(WDT.o)
                0x000000003fff2464                WDT
 .bss._ZL11INADDR_NONE
                0x000000003fff246c        0x8 /opt/sming/Sming/compiler/lib//libsming.a(CommandExecutor.o)
 .bss.commandHandler
                0x000000003fff2474        0x4 /opt/sming/Sming/compiler/lib//libsming.a(CommandHandler.o)
                0x000000003fff2474                commandHandler
 .bss._ZL11INADDR_NONE
                0x000000003fff2478        0x8 /opt/sming/Sming/compiler/lib//libsming.a(CommandHandler.o)
 .bss._ZL11INADDR_NONE
                0x000000003fff2480        0x8 /opt/sming/Sming/compiler/lib//libsming.a(CommandOutput.o)
 .bss._ZL5ESP01
                0x000000003fff2488       0x30 /opt/sming/Sming/compiler/lib//libsming.a(DHT.o)
 .bss._ZL11INADDR_NONE
                0x000000003fff24b8        0x8 /opt/sming/Sming/compiler/lib//libsming.a(DHT.o)
 .bss.SystemClock
                0x000000003fff24c0       0x18 /opt/sming/Sming/compiler/lib//libsming.a(SystemClock.o)
                0x000000003fff24c0                SystemClock
 .bss._ZL11INADDR_NONE
                0x000000003fff24d8        0x8 /opt/sming/Sming/compiler/lib//libsming.a(SystemClock.o)
 .bss.RTC       0x000000003fff24e0        0x1 /opt/sming/Sming/compiler/lib//libsming.a(RTC.o)
                0x000000003fff24e0                RTC
 *fill*         0x000000003fff24e1        0x3 
 .bss._ZL11INADDR_NONE
                0x000000003fff24e4        0x8 /opt/sming/Sming/compiler/lib//libsming.a(CommandDelegate.o)
 .bss._ZL5ESP01
                0x000000003fff24ec       0x30 /opt/sming/Sming/compiler/lib//libsming.a(DateTime.o)
 .bss._ZL11INADDR_NONE
                0x000000003fff251c        0x8 /opt/sming/Sming/compiler/lib//libsming.a(DateTime.o)
 *(.gnu.linkonce.b.*)
 *(COMMON)
                0x000000003fff2528                . = ALIGN (0x8)
 *fill*         0x000000003fff2524        0x4 
                0x000000003fff2528                _bss_end = ABSOLUTE (.)
                0x000000003fff2528                _heap_start = ABSOLUTE (.)

.irom0.text     0x0000000040209000    0x2c1e6
                0x0000000040209000                _irom0_text_start = ABSOLUTE (.)
 *(.irom0.literal .irom.literal .irom.text.literal .irom0.text .irom.text)
 .irom0.text    0x0000000040209000      0x669 /opt/esp-open-sdk/sdk/lib/libmain.a(app_main.o)
                                        0x795 (size before relaxing)
                0x00000000402091e4                wdt_init
                0x0000000040209270                user_uart_wait_tx_fifo_empty
 *fill*         0x0000000040209669        0x3 
 .irom0.text    0x000000004020966c      0x15e /opt/esp-open-sdk/sdk/lib/libmain.a(ets_timer.o)
                                        0x192 (size before relaxing)
                0x0000000040209674                ets_timer_done
                0x00000000402096b8                ets_timer_handler_isr
                0x0000000040209768                ets_timer_init
 *fill*         0x00000000402097ca        0x2 
 .irom0.text    0x00000000402097cc       0x4e /opt/esp-open-sdk/sdk/lib/libmain.a(mem_manager.o)
                                         0x52 (size before relaxing)
                0x00000000402097d0                xPortGetFreeHeapSize
                0x00000000402097d8                vPortInitialiseBlocks
 *fill*         0x000000004020981a        0x2 
 .irom0.text    0x000000004020981c     0x28dd /opt/esp-open-sdk/sdk/lib/libmain.a(user_interface.o)
                                       0x30cd (size before relaxing)
                0x0000000040209820                system_set_os_print
                0x0000000040209830                system_get_os_print
                0x00000000402099fc                system_pp_recycle_rx_pkt
                0x0000000040209a10                system_adc_read
                0x0000000040209a28                system_get_vdd33
                0x0000000040209a44                system_restart
                0x0000000040209a9c                system_restore
                0x0000000040209af8                system_get_flash_size_map
                0x0000000040209b18                system_get_boot_version
                0x0000000040209b50                system_get_test_result
                0x0000000040209b78                system_get_userbin_addr
                0x0000000040209c10                system_get_boot_mode
                0x0000000040209c40                system_restart_enhance
                0x0000000040209d70                system_upgrade_userbin_set
                0x0000000040209dbc                system_upgrade_userbin_check
                0x0000000040209dfc                system_upgrade_flag_set
                0x0000000040209e10                system_upgrade_flag_check
                0x0000000040209e38                system_upgrade_reboot
                0x0000000040209f48                system_deep_sleep
                0x0000000040209fa8                system_deep_sleep_set_option
                0x0000000040209fc4                system_phy_temperature_alert
                0x0000000040209fd8                system_phy_set_max_tpw
                0x0000000040209fec                system_phy_set_tpw_via_vdd33
                0x000000004020a000                system_phy_set_rfoption
                0x000000004020a018                system_update_cpu_freq
                0x000000004020a074                system_get_cpu_freq
                0x000000004020a08c                system_overclock
                0x000000004020a0b8                system_restoreclock
                0x000000004020a0e8                system_timer_reinit
                0x000000004020a104                system_relative_time
                0x000000004020a124                system_station_got_ip_set
                0x000000004020a22c                system_print_meminfo
                0x000000004020a28c                system_get_free_heap_size
                0x000000004020a2a4                system_get_chip_id
                0x000000004020a2c8                system_rtc_clock_cali_proc
                0x000000004020a2dc                system_get_rtc_time
                0x000000004020a2f0                system_mktime
                0x000000004020a3c0                system_init_done_cb
                0x000000004020a3c8                system_get_rst_info
                0x000000004020a3d0                wifi_softap_dhcps_start
                0x000000004020a418                wifi_softap_dhcps_stop
                0x000000004020a458                wifi_softap_dhcps_status
                0x000000004020a460                wifi_station_dhcpc_start
                0x000000004020a4b8                wifi_station_dhcpc_stop
                0x000000004020a4f8                wifi_station_dhcpc_status
                0x000000004020a564                wifi_get_opmode
                0x000000004020a578                wifi_get_opmode_default
                0x000000004020a5f4                wifi_get_broadcast_if
                0x000000004020a630                wifi_set_broadcast_if
                0x000000004020a740                wifi_set_opmode
                0x000000004020a754                wifi_set_opmode_current
                0x000000004020a768                system_get_checksum
                0x000000004020a830                system_param_save_with_protect
                0x000000004020a8d8                system_save_sys_param
                0x000000004020a904                system_param_load
                0x000000004020aa30                wifi_station_get_config
                0x000000004020aa44                wifi_station_get_config_default
                0x000000004020aa64                wifi_station_get_ap_info
                0x000000004020ab1c                wifi_station_ap_number_set
                0x000000004020adc0                wifi_station_set_config
                0x000000004020add4                wifi_station_set_config_current
                0x000000004020ade8                wifi_station_get_current_ap_id
                0x000000004020adfc                wifi_station_ap_check
                0x000000004020ae34                wifi_station_ap_change
                0x000000004020af1c                wifi_station_scan
                0x000000004020af68                wifi_station_get_auto_connect
                0x000000004020af7c                wifi_station_set_auto_connect
                0x000000004020afd0                wifi_station_connect
                0x000000004020b064                wifi_station_disconnect
                0x000000004020b110                wifi_station_get_connect_status
                0x000000004020b140                wifi_station_set_reconnect_policy
                0x000000004020b158                wifi_station_get_reconnect_policy
                0x000000004020b160                wifi_station_get_rssi
                0x000000004020b1a8                wifi_station_set_default_hostname
                0x000000004020b1f0                wifi_station_get_hostname
                0x000000004020b218                wifi_station_set_hostname
                0x000000004020b2a4                wifi_softap_cacl_mac
                0x000000004020b314                wifi_softap_set_default_ssid
                0x000000004020b4bc                wifi_softap_get_config
                0x000000004020b4d0                wifi_softap_get_config_default
                0x000000004020b740                wifi_softap_set_config
                0x000000004020b754                wifi_softap_set_config_current
                0x000000004020b768                wifi_softap_set_station_info
                0x000000004020b7d4                wifi_softap_get_station_info
                0x000000004020b878                wifi_softap_free_station_info
                0x000000004020b8ac                wifi_softap_get_station_num
                0x000000004020b900                wifi_softap_deauth
                0x000000004020b9b0                wifi_softap_get_beacon_only_mode
                0x000000004020b9c4                wifi_softap_set_beacon_only_mode
                0x000000004020ba2c                wifi_set_user_ie
                0x000000004020ba9c                wifi_get_user_ie
                0x000000004020baac                wifi_get_phy_mode
                0x000000004020bab4                wifi_set_phy_mode
                0x000000004020bb7c                wifi_set_sleep_type
                0x000000004020bb98                wifi_get_sleep_type
                0x000000004020bbb0                wifi_get_channel
                0x000000004020bbc8                wifi_set_channel
                0x000000004020bc0c                wifi_promiscuous_set_mac
                0x000000004020bc6c                wifi_promiscuous_enable
                0x000000004020bd50                wifi_set_promiscuous_rx_cb
                0x000000004020bd60                wifi_get_ip_info
                0x000000004020bde0                wifi_set_ip_info
                0x000000004020be54                wifi_get_macaddr
                0x000000004020beb4                wifi_set_macaddr
                0x000000004020bfa0                wifi_status_led_install
                0x000000004020bfd4                wifi_status_led_uninstall
                0x000000004020bff8                wifi_set_status_led_output_level
                0x000000004020c00c                wifi_set_event_handler_cb
                0x000000004020c01c                system_os_task
                0x000000004020c060                system_uart_swap
                0x000000004020c0c0                system_uart_de_swap
                0x000000004020c0f4                system_get_sdk_version
 *fill*         0x000000004020c0f9        0x3 
 .irom0.text    0x000000004020c0fc      0x5cf /opt/esp-open-sdk/sdk/lib/libmain.a(eagle_lib.o)
                                        0x5df (size before relaxing)
                0x000000004020c100                divide
                0x000000004020c13c                skip_atoi
                0x000000004020c2bc                ets_vsnprintf
                0x000000004020c61c                ets_vsprintf
                0x000000004020c640                ets_sprintf
                0x000000004020c668                ets_strcat
                0x000000004020c688                ets_strrchr
                0x000000004020c6b4                ets_strchr
 *fill*         0x000000004020c6cb        0x1 
 .irom0.text    0x000000004020c6cc      0x2c6 /opt/esp-open-sdk/sdk/lib/libmain.a(eagle_lwip_if.o)
                                        0x366 (size before relaxing)
                0x000000004020c77c                eagle_lwip_if_alloc
                0x000000004020c914                eagle_lwip_if_free
                0x000000004020c970                eagle_lwip_getif
 *fill*         0x000000004020c992        0x2 
 .irom0.literal
                0x000000004020c994        0x0 /opt/sming/Sming/compiler/lib//libmicroc.a(strchr.o)
                                          0x4 (size before relaxing)
 .irom0.literal
                0x000000004020c994        0xc /opt/sming/Sming/compiler/lib//libmicroc.a(strchrnul.o)
 .irom0.literal
                0x000000004020c9a0        0x4 /opt/sming/Sming/compiler/lib//libmicroc.a(malloc.o)
                                         0x14 (size before relaxing)
 .irom0.literal
                0x000000004020c9a4        0x4 /opt/sming/Sming/compiler/lib//libmicroc.a(abort.o)
                                          0x8 (size before relaxing)
 .irom0.literal
                0x000000004020c9a8        0x8 /opt/sming/Sming/compiler/lib//libmicrogcc.a(_divsf3.o)
                                         0x10 (size before relaxing)
 .irom0.text    0x000000004020c9b0       0x25 /opt/sming/Sming/compiler/lib//libmicroc.a(strchr.o)
                                         0x29 (size before relaxing)
                0x000000004020c9b0                strchr
 *fill*         0x000000004020c9d5        0x3 
 .irom0.text    0x000000004020c9d8       0x75 /opt/sming/Sming/compiler/lib//libmicroc.a(strchrnul.o)
                0x000000004020c9d8                __strchrnul
                0x000000004020c9d8                strchrnul
 *fill*         0x000000004020ca4d        0x3 
 .irom0.text    0x000000004020ca50       0x65 /opt/sming/Sming/compiler/lib//libmicroc.a(malloc.o)
                0x000000004020ca50                malloc
                0x000000004020ca64                free
                0x000000004020ca78                realloc
                0x000000004020ca8c                zalloc
                0x000000004020caa0                calloc
 *fill*         0x000000004020cab5        0x3 
 .irom0.text    0x000000004020cab8       0x11 /opt/sming/Sming/compiler/lib//libmicroc.a(abort.o)
                0x000000004020cab8                abort
 *fill*         0x000000004020cac9        0x3 
 .irom0.text    0x000000004020cacc       0xfa /opt/esp-open-sdk/sdk/lib/libphy.a(phy.o)
                                        0x11e (size before relaxing)
                0x000000004020cad0                rf_init
                0x000000004020caec                bb_init
                0x000000004020cb04                phy_init
                0x000000004020cb34                RFChannelSel
                0x000000004020cb50                phy_delete_channel
                0x000000004020cb68                phy_enable_agc
                0x000000004020cb80                phy_disable_agc
                0x000000004020cb98                phy_initialize_bb
                0x000000004020cbb0                phy_set_sense
 *fill*         0x000000004020cbc6        0x2 
 .irom0.text    0x000000004020cbc8     0x18dc /opt/esp-open-sdk/sdk/lib/libphy.a(phy_chip_v6_ana.o)
                                       0x1b00 (size before relaxing)
                0x000000004020cbcc                ram_pbus_set_rxgain
                0x000000004020cca8                ram_pbus_debugmode
                0x000000004020cd5c                ram_pbus_xpd_tx_on
                0x000000004020cdc8                set_rf_freq_offset
                0x000000004020ce3c                chip_v6_rxmax_ext_ana
                0x000000004020cf8c                ram_chip_v6_rx_init
                0x000000004020cfc0                tsen_meas
                0x000000004020d070                readvdd33
                0x000000004020d204                txpwr_offset
                0x000000004020d2c4                set_txcap_reg
                0x000000004020d344                ram_ana_inf_gating_en
                0x000000004020d4a4                ram_restart_cal
                0x000000004020d510                wait_rfpll_cal_end
                0x000000004020d5a4                ram_rfpll_set_freq
                0x000000004020d6b0                ram_set_channel_freq
                0x000000004020d9e8                chip_60_set_channel
                0x000000004020dbb0                chip_v6_set_chan_offset
                0x000000004020dbe8                chip_v6_set_chan
                0x000000004020dc60                chip_v6_set_chan_wakeup
                0x000000004020dce0                chip_v6_rf_init
                0x000000004020deec                low_power_set
                0x000000004020df50                test_tout
                0x000000004020e194                check_data_flag
                0x000000004020e1b8                phy_get_check_flag
                0x000000004020e328                phy_get_vdd33
 .irom0.text    0x000000004020e4a4     0x3954 /opt/esp-open-sdk/sdk/lib/libphy.a(phy_chip_v6.o)
                                       0x3f50 (size before relaxing)
                0x000000004020e4a4                ram_tx_mac_enable
                0x000000004020e4a8                rtc_mem_backup
                0x000000004020e4d8                rtc_mem_recovery
                0x000000004020e508                set_cal_rxdc
                0x000000004020e5bc                set_rx_gain_cal_iq
                0x000000004020e918                gen_rx_gain_table
                0x000000004020ea58                pbus_set_rxbbgain
                0x000000004020ead8                set_rx_gain_testchip_50
                0x000000004020ede8                ram_get_corr_power
                0x000000004020eed8                check_data_func
                0x000000004020eef8                do_noisefloor_lsleep_v50
                0x000000004020ef2c                do_noisefloor
                0x000000004020ef9c                start_dig_rx
                0x000000004020efe0                stop_dig_rx
                0x000000004020f00c                chip_v6_set_chanfreq
                0x000000004020f044                tx_cap_init
                0x000000004020f204                target_power_add_backoff
                0x000000004020f254                tx_pwctrl_init_cal
                0x000000004020f3bc                tx_atten_set_interp
                0x000000004020f638                tx_pwctrl_init
                0x000000004020f72c                ram_get_noisefloor
                0x000000004020f748                get_noisefloor_sat
                0x000000004020f778                ram_set_noise_floor
                0x000000004020f7d4                ram_start_noisefloor
                0x000000004020f820                read_hw_noisefloor
                0x000000004020f84c                noise_check_loop
                0x000000004020f9a8                noise_init
                0x000000004020fba4                target_power_backoff
                0x000000004020fbf8                sdt_on_noise_start
                0x000000004020fc7c                chip_v6_set_chan_rx_cmp
                0x000000004020fe04                chip_v6_set_chan_misc
                0x000000004020fe94                phy_dig_spur_set
                0x00000000402101f4                phy_dig_spur_prot
                0x000000004021042c                chip_v6_rxmax_ext_dig
                0x0000000040210478                chip_v6_rxmax_ext
                0x0000000040210530                phy_bb_rx_cfg
                0x0000000040210930                uart_wait_idle
                0x0000000040210968                phy_pbus_soc_cfg
                0x0000000040210a2c                phy_gpio_cfg
                0x0000000040210d74                tx_cont_en
                0x0000000040210e1c                tx_cont_dis
                0x0000000040210e70                tx_cont_cfg
                0x0000000040210e90                chip_v6_initialize_bb
                0x0000000040210ffc                periodic_cal
                0x0000000040211108                bbpll_cal
                0x00000000402111a0                periodic_cal_top
                0x0000000040211200                register_chipv6_phy_init_param
                0x00000000402114a0                change_bbpll160_sleep
                0x0000000040211590                change_bbpll160
                0x00000000402115c8                set_crystal_uart
                0x0000000040211640                ant_switch_init
                0x00000000402116ec                reduce_current_init
                0x0000000040211754                rtc_mem_check
                0x000000004021178c                phy_afterwake_set_rfoption
                0x00000000402117b8                deep_sleep_set_option
                0x0000000040211834                register_chipv6_phy
                0x0000000040211af4                set_dpd_bypass
                0x0000000040211b4c                set_rf_gain_stage10
                0x0000000040211b7c                get_vdd33_offset
                0x0000000040211bf0                get_phy_target_power
                0x0000000040211ca0                set_most_pwr_reg
                0x0000000040211d74                phy_set_most_tpw
                0x0000000040211d98                phy_vdd33_set_tpw
                0x0000000040211db0                get_adc_rand
                0x0000000040211de4                phy_get_rand
 .irom0.text    0x0000000040211df8     0x214c /opt/esp-open-sdk/sdk/lib/libphy.a(phy_chip_v6_cal.o)
                                       0x2388 (size before relaxing)
                0x0000000040211df8                txbbgain2dcoindex
                0x0000000040211e18                dcoindex2txbbgain
                0x0000000040211e3c                init_cal_dcoffset
                0x0000000040211f00                set_rfanagain_dc_reg
                0x0000000040211f9c                set_txdc_pbus
                0x0000000040212008                get_rf_gain_qdb
                0x0000000040212030                correct_rf_ana_gain
                0x0000000040212138                get_sar_dout
                0x00000000402121d0                cal_rf_ana_gain
                0x00000000402122a8                meas_tone_pwr_db
                0x0000000040212318                tx_pwr_backoff
                0x0000000040212464                get_fcc_1m2m_pwr_offset
                0x00000000402124a0                ram_set_txbb_atten
                0x0000000040212534                txiq_get_mis_pwr
                0x00000000402125d8                txiq_cover
                0x00000000402127f4                ram_rfcal_txiq
                0x0000000040212a64                rc_cal
                0x0000000040212c24                get_target_power_offset
                0x0000000040212d2c                get_pwctrl_correct
                0x0000000040212d84                tx_pwctrl_cal
                0x00000000402130c4                tx_pwctrl_bg_init
                0x0000000040213140                tx_pwctrl_background
                0x00000000402131f8                read_sar_dout
                0x000000004021325c                ram_get_fm_sar_dout
                0x0000000040213300                ram_cal_tos_v60
                0x00000000402134e0                ram_get_bb_atten
                0x0000000040213510                ram_rfcal_txcap
                0x00000000402136d4                ram_rfcal_pwrctrl
                0x0000000040213900                ram_rxiq_get_mis
                0x0000000040213ad0                ram_rxiq_cover_mg_mp
                0x0000000040213c74                ram_rfcal_rxiq
                0x0000000040213e80                dpd_scale_set
                0x0000000040213ec8                dpd_mem_write
 .irom0.text    0x0000000040213f44      0x271 /opt/esp-open-sdk/sdk/lib/libphy.a(phy_chip_v6_unused.o)
                                        0x2fd (size before relaxing)
                0x0000000040213f44                chip_v6_set_sense
                0x0000000040213f48                chip_v6_get_sense
                0x0000000040213f4c                chip_v6_unset_chanfreq
                0x0000000040213f58                data_collect
                0x000000004021402c                operation_test
                0x00000000402140a4                slop_wdt_feed
                0x00000000402140b8                slop_test
                0x000000004021416c                wd_reset_cnt
 *fill*         0x00000000402141b5        0x3 
 .irom0.text    0x00000000402141b8      0xd16 /opt/esp-open-sdk/sdk/lib/libphy.a(phy_sleep.o)
                                        0xf2e (size before relaxing)
                0x00000000402141b8                pm_usec2rtc
                0x00000000402141ec                pm_rtc2usec
                0x00000000402141fc                pm_set_sleep_cycles
                0x0000000040214224                pm_sleep_opt
                0x0000000040214328                pm_wakeup_opt
                0x0000000040214360                get_chip_version
                0x00000000402143a0                pm_sleep_opt_bb_off
                0x00000000402143e0                pm_sleep_opt_bb_on
                0x000000004021442c                pm_set_pll_xtal_wait_time
                0x0000000040214474                pm_prepare_to_sleep
                0x0000000040214498                pm_sdio_nidle
                0x000000004021450c                chg_lslp_mem_opt_8266
                0x000000004021453c                pm_goto_sleep
                0x0000000040214688                pm_wait4wakeup
                0x00000000402146c0                pm_open_rf
                0x0000000040214708                pm_sleep_set_mac
                0x000000004021478c                pm_set_wakeup_mac
                0x0000000040214828                pm_check_mac_idle
                0x0000000040214880                pm_set_sleep_btco
                0x0000000040214920                pm_set_wakeup_btco
                0x0000000040214a34                pm_set_sleep_mode
                0x0000000040214b04                pm_unmask_bt
                0x0000000040214b68                pm_wakeup_init
                0x0000000040214d70                sleep_opt_8266
                0x0000000040214d90                sleep_opt_bb_on_8266
                0x0000000040214dcc                sleep_reset_analog_rtcreg_8266
 *fill*         0x0000000040214ece        0x2 
 .irom0.text    0x0000000040214ed0      0x405 /opt/esp-open-sdk/sdk/lib/libpp.a(if_hwctrl.o)
                                        0x4f9 (size before relaxing)
                0x0000000040214ed4                ic_get_addr
                0x0000000040214ee0                ic_set_opmode
                0x0000000040214ef8                ic_enable_interface
                0x0000000040214f48                ic_interface_enabled
                0x0000000040214f5c                ic_disable_interface
                0x0000000040214fa4                ic_is_pure_sta
                0x0000000040214fc0                ic_get_ptk_alg
                0x0000000040214fd0                ic_get_gtk_alg
                0x0000000040214fe0                ic_set_ptk_alg
                0x0000000040214ff0                ic_set_gtk_alg
                0x0000000040215000                ic_interface_is_p2p
                0x0000000040215090                ic_set_vif
                0x000000004021512c                ic_set_sta
                0x00000000402151e4                ic_bss_info_update
                0x0000000040215240                ic_set_key
                0x000000004021529c                ic_remove_key
                0x00000000402152b0                ic_get_rssi
 *fill*         0x00000000402152d5        0x3 
 .irom0.text    0x00000000402152d8       0xfc /opt/esp-open-sdk/sdk/lib/libpp.a(lmac.o)
                                        0x114 (size before relaxing)
                0x00000000402152dc                lmacInitAc
                0x0000000040215310                lmacInit
                0x00000000402153b8                lmacSetRetryLimit
 .irom0.text    0x00000000402153d4     0x19bd /opt/esp-open-sdk/sdk/lib/libpp.a(pm.o)
                                       0x1f35 (size before relaxing)
                0x00000000402153dc                pm_rtc_clock_cali_proc
                0x0000000040215414                pm_get_ck170_period
                0x0000000040215438                pm_set_sleep_time
                0x00000000402156f4                pm_rf_is_closed
                0x000000004021572c                pm_set_sleep_type_from_upper
                0x0000000040215820                pm_get_sleep_type
                0x00000000402159f4                uart_tx_flush
                0x00000000402159f8                pm_suspend
                0x0000000040215c34                pm_shutdown
                0x0000000040215d10                pm_reset_idle_sleep
                0x0000000040215d50                pm_idle_sleep
                0x0000000040215d5c                pm_open
                0x0000000040215e40                pm_onBcnRx
                0x00000000402161d4                StopLightSleepSetFunc
                0x00000000402161dc                LightSleepWakedCbSetFunc
                0x00000000402167b8                pm_enable_gpio_wakeup
                0x00000000402167f0                pm_attach
                0x00000000402168e0                pm_send_nullfunc
                0x0000000040216a84                pm_is_waked
                0x0000000040216a9c                pm_is_open
                0x0000000040216ab4                pm_scan_lock
                0x0000000040216adc                pm_try_scan_unlock
                0x0000000040216af4                pm_force_scan_unlock
                0x0000000040216bb0                pm_scan_unlocked
                0x0000000040216bc4                pm_allow_tx
                0x0000000040216be0                pm_assoc_parse
                0x0000000040216bf8                pm_set_addr
                0x0000000040216c18                pm_sleep_for
                0x0000000040216c4c                pm_post
                0x0000000040216d50                pm_get_idle_wait_time
 *fill*         0x0000000040216d91        0x3 
 .irom0.text    0x0000000040216d94      0x9a5 /opt/esp-open-sdk/sdk/lib/libpp.a(pm_for_bcn_only_mode.o)
                                        0xcbd (size before relaxing)
                0x0000000040216db0                fpm_set_type_from_upper
                0x0000000040216e74                fpm_get_slp_type
                0x0000000040216e7c                fpm_rf_is_closed
                0x0000000040216e90                fpm_is_open
                0x0000000040216e9c                fpm_allow_tx
                0x0000000040216ec0                fpm_close
                0x0000000040216f3c                fpm_open
                0x0000000040216fa4                fpm_attach
                0x0000000040217240                fpm_do_wakeup
                0x00000000402176c0                fpm_do_sleep
 *fill*         0x0000000040217739        0x3 
 .irom0.text    0x000000004021773c     0x139a /opt/esp-open-sdk/sdk/lib/libpp.a(pp.o)
                                       0x170a (size before relaxing)
                0x0000000040217744                PPWdtReset
                0x0000000040217770                pp_soft_wdt_init
                0x0000000040217798                pp_soft_wdt_stop
                0x0000000040217798                system_soft_wdt_stop
                0x00000000402177c4                pp_soft_wdt_restart
                0x00000000402177c4                system_soft_wdt_restart
                0x00000000402177f4                RxNodeNum
                0x0000000040217818                TxNodeNum
                0x000000004021783c                pp_disable_noise_timer
                0x000000004021785c                pp_enable_noise_timer
                0x000000004021796c                pp_noise_test
                0x000000004021797c                reset_noise_timer
                0x00000000402179b4                pp_disable_idle_timer
                0x00000000402179d8                pp_enable_idle_timer
                0x0000000040217a00                pp_try_enable_idle_timer
                0x0000000040217a38                ppPeocessRxPktHdr
                0x0000000040217d24                ppTxPkt
                0x0000000040217e38                ppProcessWaitQ
                0x0000000040217e48                ppRegisterTxCallback
                0x0000000040217e80                ppRecycleRxPkt
                0x0000000040217ee0                ppCheckTxIdle
                0x000000004021814c                pp_tx_idle_timeout
                0x0000000040218610                ppGetTxQFirstAvail_Locked
                0x00000000402186f4                pp_attach
 *fill*         0x0000000040218ad6        0x2 
 .irom0.text    0x0000000040218ad8      0x296 /opt/esp-open-sdk/sdk/lib/libpp.a(rate_control.o)
                                        0x2a2 (size before relaxing)
                0x0000000040218d24                RC_SetBasicRate
 *fill*         0x0000000040218d6e        0x2 
 .irom0.text    0x0000000040218d70      0x3d9 /opt/esp-open-sdk/sdk/lib/libpp.a(trc.o)
                                        0x431 (size before relaxing)
                0x0000000040218d9c                rcUpdatePhyMode
                0x0000000040218e78                rcAttach
                0x0000000040218ec4                rcGetTrc
                0x0000000040218ecc                trc_onDisconnect
                0x0000000040218ed0                trc_onScanStart
                0x0000000040218ee4                trc_onScanDone
                0x0000000040218f00                rc_enable_trc
                0x0000000040218fc8                rc_get_mask
                0x0000000040218fdc                rc_disable_trc
                0x0000000040219030                rc_disable_trc_by_interface
                0x000000004021904c                rc_get_sta_trc
                0x000000004021908c                rc_get_trc
                0x00000000402190fc                rc_get_trc_by_index
                0x000000004021911c                rc_only_sta_trc
 *fill*         0x0000000040219149        0x3 
 .irom0.text    0x000000004021914c      0xaff /opt/esp-open-sdk/sdk/lib/libpp.a(wdev.o)
                                        0xc4f (size before relaxing)
                0x0000000040219158                wDev_Option_Init
                0x000000004021924c                wDev_Enable_Beacon_Tsf
                0x0000000040219268                wDev_Disable_Beacon_Tsf
                0x0000000040219284                wDev_Set_Beacon_Int
                0x000000004021928c                wDev_Reset_TBTT
                0x00000000402192bc                wDev_Get_Next_TBTT
                0x0000000040219538                wDev_Initialize
                0x00000000402195a8                wDevForceAck6M
                0x00000000402195c4                wDev_SetMacAddress
                0x0000000040219664                wDev_SetRxPolicy
                0x00000000402196b8                wDev_SetBssid
                0x0000000040219790                wDev_ClearBssid
                0x00000000402197c8                wDev_Insert_KeyEntry
                0x00000000402198bc                wDev_remove_KeyEntry
                0x00000000402198f8                wDev_remove_KeyEntry_all_cnx
                0x0000000040219948                wDev_Crypto_Conf
                0x00000000402199e4                wDev_Crypto_Disable
                0x0000000040219a1c                wDevEnableRx
                0x0000000040219a48                wdev_go_sniffer
                0x0000000040219b24                wdev_set_sniffer_addr
                0x0000000040219b7c                wdev_exit_sniffer
 *fill*         0x0000000040219c4b        0x1 
 .irom0.text    0x0000000040219c4c      0x3bf /opt/esp-open-sdk/sdk/lib/libpp.a(esf_buf.o)
                                        0x483 (size before relaxing)
                0x0000000040219c50                esf_buf_alloc
                0x0000000040219de4                esf_buf_recycle
                0x0000000040219f04                esf_buf_setup
 *fill*         0x000000004021a00b        0x1 
 .irom0.text    0x000000004021a00c      0x3a9 /opt/esp-open-sdk/sdk/lib/libnet80211.a(ieee80211.o)
                                        0x45d (size before relaxing)
                0x000000004021a09c                ieee80211_ifattach
                0x000000004021a0ec                ieee80211_mhz2ieee
                0x000000004021a148                ieee80211_chan2ieee
                0x000000004021a164                ieee80211_ieee2mhz
                0x000000004021a1a4                ieee80211_find_channel
                0x000000004021a1d0                ieee80211_find_channel_byieee
                0x000000004021a220                wifi_mode_set
 *fill*         0x000000004021a3b5        0x3 
 .irom0.text    0x000000004021a3b8       0xc7 /opt/esp-open-sdk/sdk/lib/libnet80211.a(ieee80211_crypto.o)
                                         0xcf (size before relaxing)
                0x000000004021a3b8                ieee80211_crypto_attach
                0x000000004021a3bc                ieee80211_crypto_available
                0x000000004021a3c0                ieee80211_crypto_setkey
                0x000000004021a3c4                ieee80211_crypto_encap
                0x000000004021a414                ieee80211_crypto_decap
 *fill*         0x000000004021a47f        0x1 
 .irom0.text    0x000000004021a480       0x4c /opt/esp-open-sdk/sdk/lib/libnet80211.a(ieee80211_ets.o)
                                         0x50 (size before relaxing)
                0x000000004021a484                ieee80211_getmgtframe
 .irom0.text    0x000000004021a4cc     0x12ea /opt/esp-open-sdk/sdk/lib/libnet80211.a(ieee80211_hostap.o)
                                       0x1722 (size before relaxing)
                0x000000004021a974                ieee80211_hostap_attach
                0x000000004021aa50                hostap_handle_timer
                0x000000004021aae4                hostap_input
                0x000000004021b4d8                wifi_softap_start
                0x000000004021b634                wifi_softap_stop
 *fill*         0x000000004021b7b6        0x2 
 .irom0.text    0x000000004021b7b8      0xa4a /opt/esp-open-sdk/sdk/lib/libnet80211.a(ieee80211_ht.o)
                                        0xb16 (size before relaxing)
                0x000000004021b7c8                ieee80211_ht_attach
                0x000000004021b818                ieee80211_ht_node_init
                0x000000004021b854                ieee80211_ht_node_cleanup
                0x000000004021b88c                ieee80211_parse_htcap
                0x000000004021b960                ieee80211_ht_updateparams
                0x000000004021ba68                ieee80211_setup_htrates
                0x000000004021bb34                ieee80211_setup_basic_htrates
                0x000000004021be6c                ieee80211_add_htcap
                0x000000004021be88                ieee80211_add_htcap_vendor
                0x000000004021bfac                ieee80211_add_htinfo
                0x000000004021bfc8                ieee80211_add_htinfo_vendor
 *fill*         0x000000004021c202        0x2 
 .irom0.text    0x000000004021c204      0x958 /opt/esp-open-sdk/sdk/lib/libnet80211.a(ieee80211_input.o)
                                        0x9d0 (size before relaxing)
                0x000000004021c204                ieee80211_deliver_data
                0x000000004021c258                ieee80211_decap
                0x000000004021c35c                ieee80211_setup_rates
                0x000000004021c3c8                ieee80211_alloc_challenge
                0x000000004021c400                ieee80211_parse_beacon
                0x000000004021c8a8                ieee80211_parse_wpa
                0x000000004021c9bc                ieee80211_parse_rsn
                0x000000004021cabc                ieee80211_parse_action
                0x000000004021cb58                ieee80211_setup_rateset
 .irom0.text    0x000000004021cb5c     0x16a9 /opt/esp-open-sdk/sdk/lib/libnet80211.a(ieee80211_output.o)
                                       0x1951 (size before relaxing)
                0x000000004021cb60                ieee80211_output_pbuf
                0x000000004021cdbc                ieee80211_send_setup
                0x000000004021cef0                ieee80211_mgmt_output
                0x000000004021cfd4                ieee80211_tx_mgt_cb
                0x000000004021cfd8                ieee80211_send_nulldata
                0x000000004021d434                ieee80211_add_rates
                0x000000004021d46c                ieee80211_add_xrates
                0x000000004021d530                ieee80211_send_probereq
                0x000000004021d6dc                ieee80211_getcapinfo
                0x000000004021d734                ieee80211_send_mgmt
                0x000000004021dc54                ieee80211_alloc_proberesp
                0x000000004021ddb0                ieee80211_send_proberesp
                0x000000004021e0cc                ieee80211_beacon_alloc
 *fill*         0x000000004021e205        0x3 
 .irom0.text    0x000000004021e208      0x147 /opt/esp-open-sdk/sdk/lib/libnet80211.a(ieee80211_phy.o)
                                        0x16f (size before relaxing)
                0x000000004021e20c                ieee80211_get_11g_ratetable
                0x000000004021e218                ieee80211_get_ratetable
                0x000000004021e230                ieee80211_phy_init
                0x000000004021e264                ieee80211_phy_type_get
                0x000000004021e274                ieee80211_setup_ratetable
                0x000000004021e2a8                ieee80211_compute_duration
                0x000000004021e328                ieee80211_dot11Rate_rix
 *fill*         0x000000004021e34f        0x1 
 .irom0.text    0x000000004021e350      0x1b6 /opt/esp-open-sdk/sdk/lib/libnet80211.a(ieee80211_power.o)
                                        0x1f2 (size before relaxing)
                0x000000004021e350                ieee80211_psq_init
                0x000000004021e370                ieee80211_psq_cleanup
                0x000000004021e378                ieee80211_set_tim
                0x000000004021e3b8                ieee80211_pwrsave
                0x000000004021e420                pwrsave_flushq
                0x000000004021e4d0                ieee80211_node_pwrsave
 *fill*         0x000000004021e506        0x2 
 .irom0.text    0x000000004021e508      0x15b /opt/esp-open-sdk/sdk/lib/libnet80211.a(ieee80211_proto.o)
                                        0x177 (size before relaxing)
                0x000000004021e50c                ieee80211_proto_attach
                0x000000004021e534                ieee80211_set_shortslottime
                0x000000004021e550                ieee80211_iserp_rateset
                0x000000004021e5e4                ieee80211_setbasicrates
                0x000000004021e5f8                ieee80211_addbasicrates
                0x000000004021e60c                ieee80211_wme_initparams
                0x000000004021e610                ieee80211_wme_updateparams
                0x000000004021e614                ieee80211_mlme_connect_bss
 *fill*         0x000000004021e663        0x1 
 .irom0.text    0x000000004021e664      0xdb8 /opt/esp-open-sdk/sdk/lib/libnet80211.a(ieee80211_scan.o)
                                       0x10c0 (size before relaxing)
                0x000000004021e670                ieee80211_scan_attach
                0x000000004021e700                scan_start
                0x000000004021e870                scan_pm_channel_op_cb
                0x000000004021ea10                scan_cancel
                0x000000004021eb48                scan_add_bssid
                0x000000004021eb6c                scan_remove_bssid
                0x000000004021eb78                scan_hidden_ssid
                0x000000004021eb80                scan_add_probe_ssid
                0x000000004021ebc0                scan_remove_probe_ssid
                0x000000004021ecfc                scan_clear_channles
                0x000000004021ed70                scan_set_desChan
                0x000000004021ed7c                scan_get_type
                0x000000004021ed84                cannel_scan_connect_state
                0x000000004021ed9c                scan_connect_state
                0x000000004021ede4                scan_check_hidden
                0x000000004021ee0c                scan_profile_check
                0x000000004021f12c                scan_parse_beacon
 .irom0.text    0x000000004021f41c      0xc56 /opt/esp-open-sdk/sdk/lib/libnet80211.a(ieee80211_sta.o)
                                        0xe41 (size before relaxing)
                0x000000004021f448                sta_status_set
                0x000000004021f490                ieee80211_sta_new_state
                0x000000004021f768                sta_input
                0x000000004021fae4                ieee80211_parse_wmeparams
                0x000000004021ffc8                wifi_station_start
                0x0000000040220038                wifi_station_stop
 *fill*         0x0000000040220072        0x2 
 .irom0.text    0x0000000040220074      0x29e /opt/esp-open-sdk/sdk/lib/libnet80211.a(wl_chm.o)
                                        0x31e (size before relaxing)
                0x0000000040220080                chm_init
                0x00000000402200e4                chm_acquire_lock
                0x0000000040220128                chm_release_lock
                0x000000004022013c                chm_start_op
                0x00000000402201e0                chm_end_op
                0x0000000040220228                chm_cancel_op
                0x000000004022025c                chm_return_home_channel
                0x000000004022028c                chm_set_current_channel
                0x00000000402202bc                chm_freq2index
                0x00000000402202e4                chm_check_same_channel
 *fill*         0x0000000040220312        0x2 
 .irom0.text    0x0000000040220314     0x14d3 /opt/esp-open-sdk/sdk/lib/libnet80211.a(wl_cnx.o)
                                       0x1907 (size before relaxing)
                0x0000000040220320                cnx_attach
                0x0000000040220360                cnx_sta_connect_led_timer_cb
                0x00000000402203b8                cnx_sta_connect_cmd
                0x0000000040220474                cnx_sta_scan_cmd
                0x00000000402206b4                cnx_connect_timeout
                0x000000004022071c                cnx_start_handoff_cb
                0x0000000040220b64                cnx_bss_alloc
                0x0000000040220c08                cnx_rc_search
                0x0000000040220cd0                cnx_add_rc
                0x0000000040220dcc                cnx_remove_rc
                0x0000000040220f2c                cnx_rc_update_rssi
                0x0000000040220fb4                cnx_rc_update_state_metric
                0x0000000040221020                cnx_rc_update_age
                0x0000000040221044                cnx_update_bss
                0x0000000040221078                cnx_update_bss_more
                0x0000000040221218                cnx_sta_leave
                0x000000004022135c                cnx_sta_associated
                0x00000000402213f4                cnx_node_alloc
                0x0000000040221460                cnx_node_remove
                0x00000000402214d8                cnx_node_search
                0x0000000040221554                cnx_node_leave
                0x0000000040221638                cnx_node_join
 *fill*         0x00000000402217e7        0x1 
 .irom0.text    0x00000000402217e8      0x16f /opt/esp-open-sdk/sdk/lib/libnet80211.a(ieee80211_action.o)
                                        0x193 (size before relaxing)
                0x00000000402217f8                ieee80211_send_action_register
                0x000000004022182c                ieee80211_send_action_unregister
                0x0000000040221840                ieee80211_send_action
                0x00000000402218ac                ieee80211_recv_action_register
                0x00000000402218e0                ieee80211_recv_action_unregister
                0x00000000402218f4                ieee80211_recv_action
 *fill*         0x0000000040221957        0x1 
 .irom0.text    0x0000000040221958      0x451 /opt/esp-open-sdk/sdk/lib/libnet80211.a(ieee80211_action_vendor.o)
                                        0x4c9 (size before relaxing)
                0x000000004022195c                get_iav_key
                0x000000004022197c                register_ieee80211_action_vendor_get_key_cb
                0x0000000040221990                unregister_ieee80211_action_vendor_get_key_cb
                0x00000000402219a0                ieee80211_add_action_vendor_spec_esp
                0x00000000402219e8                ieee80211_alloc_action_vendor_spec
                0x0000000040221ad4                ieee80211_send_action_vendor_spec
                0x0000000040221c80                ieee80211_recv_action_vendor_spec
                0x0000000040221d50                ieee80211_action_vendor_spec_attach
                0x0000000040221d8c                register_ieee80211_action_vendor_spec_cb
                0x0000000040221da0                unregister_ieee80211_action_vendor_spec_cb
 *fill*         0x0000000040221da9        0x3 
 .irom0.text    0x0000000040221dac      0x131 /opt/esp-open-sdk/sdk/lib/libnet80211.a(ieee80211_crypto_ccmp.o)
                                        0x135 (size before relaxing)
 *fill*         0x0000000040221edd        0x3 
 .irom0.text    0x0000000040221ee0      0x1fd /opt/esp-open-sdk/sdk/lib/libnet80211.a(ieee80211_ie_vendor.o)
                                        0x225 (size before relaxing)
                0x0000000040221ee4                ieee80211_add_ie_vendor_esp_head
                0x0000000040221f1c                ieee80211_add_ie_vendor_esp_mesh_assoc
                0x0000000040221fa8                ieee80211_add_ie_vendor_esp_mesh_group
                0x0000000040221fd8                ieee80211_add_ie_vendor_esp_simple_pair
                0x0000000040222028                ieee80211_add_ie_vendor_esp_freq_annon
                0x0000000040222060                ieee80211_add_ie_vendor_esp_now
                0x0000000040222098                ieee80211_add_ie_vendor_esp_manufacturer
 *fill*         0x00000000402220dd        0x3 
 .irom0.text    0x00000000402220e0     0x12c2 /opt/esp-open-sdk/sdk/lib/liblwip.a(dhcp.o)
                                       0x149e (size before relaxing)
                0x0000000040222324                dhcp_coarse_tmr
                0x000000004022236c                dhcp_fine_tmr
                0x0000000040222594                dhcp_set_struct
                0x00000000402225b8                dhcp_cleanup
                0x00000000402225dc                dhcp_start
                0x000000004022268c                dhcp_inform
                0x0000000040222738                dhcp_network_changed
                0x0000000040222780                dhcp_arp_reply
                0x0000000040222a0c                dhcp_renew
                0x0000000040222c80                dhcp_release
                0x0000000040222d40                dhcp_stop
 *fill*         0x00000000402233a2        0x2 
 .irom0.text    0x00000000402233a4      0xa0b /opt/esp-open-sdk/sdk/lib/liblwip.a(dhcpserver.o)
                                        0xb7f (size before relaxing)
                0x00000000402233a4                node_insert_to_list
                0x00000000402233c0                node_remove_from_list
                0x0000000040223b08                dhcps_start
                0x0000000040223b80                dhcps_stop
                0x0000000040223be8                wifi_softap_set_dhcps_lease
                0x0000000040223d00                dhcps_coarse_tmr
                0x0000000040223d6c                wifi_softap_set_dhcps_offer_option
 *fill*         0x0000000040223daf        0x1 
 .irom0.text    0x0000000040223db0      0x5ab /opt/esp-open-sdk/sdk/lib/liblwip.a(dns.o)
                                        0x667 (size before relaxing)
                0x0000000040223dbc                dns_init
                0x0000000040223e10                dns_setserver
                0x0000000040223e2c                dns_getserver
                0x0000000040223e40                dns_tmr
                0x0000000040224304                dns_gethostbyname
 *fill*         0x000000004022435b        0x1 
 .irom0.text    0x000000004022435c      0xe60 /opt/esp-open-sdk/sdk/lib/liblwip.a(espconn_tcp.o)
                                       0x10f4 (size before relaxing)
                0x00000000402243ec                espconn_kill_oldest_pcb
                0x0000000040224458                espconn_kill_pcb
                0x00000000402244d0                espconn_find_current_pcb
                0x00000000402247a4                espconn_tcp_sent
                0x000000004022485c                espconn_tcp_disconnect
                0x00000000402248dc                espconn_recv_hold
                0x0000000040224920                espconn_recv_unhold
                0x0000000040224a1c                espconn_tcp_write
                0x0000000040224c44                espconn_tcp_client
                0x000000004022507c                espconn_tcp_server
                0x0000000040225118                espconn_tcp_delete
                0x00000000402251a0                espconn_init
 .irom0.text    0x00000000402251bc      0x8bb /opt/esp-open-sdk/sdk/lib/liblwip.a(etharp.o)
                                        0x99b (size before relaxing)
                0x00000000402251f0                etharp_tmr
                0x0000000040225410                etharp_cleanup_netif
                0x000000004022544c                etharp_find_addr
                0x00000000402256a4                etharp_output
                0x00000000402257b8                etharp_query
                0x00000000402259dc                etharp_request
                0x0000000040225a00                ethernet_input
 *fill*         0x0000000040225a77        0x1 
 .irom0.text    0x0000000040225a78       0x30 /opt/esp-open-sdk/sdk/lib/liblwip.a(init.o)
                                         0x50 (size before relaxing)
                0x0000000040225a7c                lwip_init
 .irom0.text    0x0000000040225aa8      0x37a /opt/esp-open-sdk/sdk/lib/liblwip.a(ip_addr.o)
                                        0x3a2 (size before relaxing)
                0x0000000040225aa8                ip4_addr_isbroadcast
                0x0000000040225ad4                ip4_addr_netmask_valid
                0x0000000040225b14                ipaddr_addr
                0x0000000040225b30                ipaddr_aton
                0x0000000040225d4c                ipaddr_ntoa
                0x0000000040225d60                ipaddr_ntoa_r
 *fill*         0x0000000040225e22        0x2 
 .irom0.text    0x0000000040225e24      0x581 /opt/esp-open-sdk/sdk/lib/liblwip.a(ip.o)
                                        0x62d (size before relaxing)
                0x0000000040225e24                ip_route
                0x0000000040225ea0                ip_router
                0x0000000040225f1c                ip_input
                0x0000000040226174                ip_output_if
                0x0000000040226190                ip_output_if_opt
                0x000000004022636c                ip_output
 *fill*         0x00000000402263a5        0x3 
 .irom0.text    0x00000000402263a8      0x27d /opt/esp-open-sdk/sdk/lib/liblwip.a(netif.o)
                                        0x2bd (size before relaxing)
                0x00000000402263a8                netif_init
                0x00000000402263b0                netif_add
                0x0000000040226418                netif_set_addr
                0x0000000040226440                netif_remove
                0x000000004022649c                netif_find
                0x00000000402264d8                netif_set_ipaddr
                0x0000000040226540                netif_set_gw
                0x0000000040226550                netif_set_netmask
                0x0000000040226560                netif_set_default
                0x0000000040226568                netif_set_up
                0x00000000402265a4                netif_set_down
                0x00000000402265c8                netif_set_link_up
                0x0000000040226614                netif_set_link_down
 *fill*         0x0000000040226625        0x3 
 .irom0.text    0x0000000040226628      0x612 /opt/esp-open-sdk/sdk/lib/liblwip.a(pbuf.o)
                                        0x65a (size before relaxing)
                0x0000000040226628                pbuf_alloc
                0x0000000040226778                pbuf_realloc
                0x00000000402267c0                pbuf_header
                0x000000004022682c                pbuf_free
                0x00000000402268a4                pbuf_clen
                0x00000000402268bc                pbuf_ref
                0x00000000402268c8                pbuf_cat
                0x00000000402268f4                pbuf_chain
                0x0000000040226910                pbuf_dechain
                0x000000004022694c                pbuf_copy
                0x00000000402269f0                pbuf_copy_partial
                0x0000000040226a70                pbuf_take
                0x0000000040226ad0                pbuf_coalesce
                0x0000000040226b04                pbuf_get_at
                0x0000000040226b2c                pbuf_memcmp